// Jest Snapshot v1, https://goo.gl/fbAQLP

exports[`Logo Render Logo snapshot 1`] = `
<DocumentFragment>
  <div
    class="logo"
  >
    <b>
      netflix
    </b>
    roulette
  </div>
</DocumentFragment>
`;
